// Jest Snapshot v1, https://goo.gl/fbAQLP

exports[`render matches snapshot 1`] = `
<DocumentFragment>
  <div
    class="TodoList"
  >
    <form
      class="NewTodoForm"
      data-testid="form"
    >
      <input
        name="text"
        placeholder="Add todo text here"
        required=""
        type="text"
        value=""
      />
      <button>
        Add
      </button>
    </form>
    <h1>
      Your Todo List
    </h1>
    <div
      class="TodoList-todos"
    />
  </div>
</DocumentFragment>
`;
